INFO 2026-09-03 18:29:20,279 [_config.py:<module>:91]
No custom team name replacements found. You can configure these in C:\Users\avasa\onedrive\desktop\projects\premierliga\data\understat_cache\config\teamname_replacements.json.

INFO 2026-09-03 18:29:20,288 [_config.py:<module>:189]
No custom league dict found. You can configure additional leagues in C:\Users\avasa\onedrive\desktop\projects\premierliga\data\understat_cache\config\league_dict.json.

INFO 2026-09-03 18:29:20,294 [_common.py:__init__:250]
Saving cached data to C:\Users\avasa\onedrive\desktop\projects\premierliga\data\understat_cache\data\Understat

INFO 2026-09-03 18:29:20,297 [libraries.py:_load_library:397]
Successfully loaded TLS library: C:\Users\avasa\AppData\Roaming\Python\Python311\site-packages\tls_requests\bin\tls-client-xgo-1.13.1-windows-amd64.dll

INFO 2026-09-03 18:29:22,867 [_common.py:__init__:250]
Saving cached data to C:\Users\avasa\onedrive\desktop\projects\premierliga\data\understat_cache\data\Understat

INFO 2026-09-03 18:29:24,232 [_common.py:__init__:250]
Saving cached data to C:\Users\avasa\onedrive\desktop\projects\premierliga\data\understat_cache\data\Understat

INFO 2026-09-03 18:29:25,815 [_common.py:__init__:250]
Saving cached data to C:\Users\avasa\onedrive\desktop\projects\premierliga\data\understat_cache\data\Understat

INFO 2026-09-03 18:29:27,207 [_common.py:__init__:250]
Saving cached data to C:\Users\avasa\onedrive\desktop\projects\premierliga\data\understat_cache\data\Understat

INFO 2026-09-03 18:29:28,729 [_common.py:__init__:250]
Saving cached data to C:\Users\avasa\onedrive\desktop\projects\premierliga\data\understat_cache\data\Understat

INFO 2026-09-03 18:30:46,336 [_config.py:<module>:91]
No custom team name replacements found. You can configure these in C:\Users\avasa\onedrive\desktop\projects\premierliga\data\understat_cache\config\teamname_replacements.json.

INFO 2026-09-03 18:30:46,346 [_config.py:<module>:189]
No custom league dict found. You can configure additional leagues in C:\Users\avasa\onedrive\desktop\projects\premierliga\data\understat_cache\config\league_dict.json.

INFO 2026-09-03 18:30:46,353 [_common.py:__init__:250]
Saving cached data to C:\Users\avasa\onedrive\desktop\projects\premierliga\data\understat_cache\data\Understat

INFO 2026-09-03 18:30:46,355 [libraries.py:_load_library:397]
Successfully loaded TLS library: C:\Users\avasa\AppData\Roaming\Python\Python311\site-packages\tls_requests\bin\tls-client-xgo-1.13.1-windows-amd64.dll

INFO 2026-09-03 18:32:35,555 [_config.py:<module>:91]
No custom team name replacements found. You can configure these in C:\Users\avasa\OneDrive\Desktop\projects\premierliga\data\understat_cache\config\teamname_replacements.json.

INFO 2026-09-03 18:32:35,565 [_config.py:<module>:189]
No custom league dict found. You can configure additional leagues in C:\Users\avasa\OneDrive\Desktop\projects\premierliga\data\understat_cache\config\league_dict.json.

INFO 2026-09-03 18:32:35,573 [_common.py:__init__:250]
Saving cached data to C:\Users\avasa\OneDrive\Desktop\projects\premierliga\data\understat_cache\data\Understat

INFO 2026-09-03 18:32:35,575 [libraries.py:_load_library:397]
Successfully loaded TLS library: C:\Users\avasa\AppData\Roaming\Python\Python311\site-packages\tls_requests\bin\tls-client-xgo-1.13.1-windows-amd64.dll

INFO 2026-09-03 18:32:37,131 [_common.py:__init__:250]
Saving cached data to C:\Users\avasa\OneDrive\Desktop\projects\premierliga\data\understat_cache\data\Understat

INFO 2026-09-03 18:32:38,651 [_common.py:__init__:250]
Saving cached data to C:\Users\avasa\OneDrive\Desktop\projects\premierliga\data\understat_cache\data\Understat

INFO 2026-09-03 18:35:49,795 [_config.py:<module>:91]
No custom team name replacements found. You can configure these in C:\Users\avasa\OneDrive\Desktop\projects\premierliga\data\understat_cache\config\teamname_replacements.json.

INFO 2026-09-03 18:35:49,806 [_config.py:<module>:189]
No custom league dict found. You can configure additional leagues in C:\Users\avasa\OneDrive\Desktop\projects\premierliga\data\understat_cache\config\league_dict.json.

INFO 2026-09-03 18:35:49,812 [_common.py:__init__:250]
Saving cached data to C:\Users\avasa\OneDrive\Desktop\projects\premierliga\data\understat_cache\data\Understat

INFO 2026-09-03 18:35:49,814 [libraries.py:_load_library:397]
Successfully loaded TLS library: C:\Users\avasa\AppData\Roaming\Python\Python311\site-packages\tls_requests\bin\tls-client-xgo-1.13.1-windows-amd64.dll

INFO 2026-09-03 18:35:51,176 [_common.py:__init__:250]
Saving cached data to C:\Users\avasa\OneDrive\Desktop\projects\premierliga\data\understat_cache\data\Understat

INFO 2026-09-03 18:35:52,221 [_common.py:__init__:250]
Saving cached data to C:\Users\avasa\OneDrive\Desktop\projects\premierliga\data\understat_cache\data\Understat

INFO 2026-09-03 18:37:09,173 [_config.py:<module>:91]
No custom team name replacements found. You can configure these in C:\Users\avasa\OneDrive\Desktop\projects\premierliga\data\understat_cache\config\teamname_replacements.json.

INFO 2026-09-03 18:37:09,183 [_config.py:<module>:189]
No custom league dict found. You can configure additional leagues in C:\Users\avasa\OneDrive\Desktop\projects\premierliga\data\understat_cache\config\league_dict.json.

INFO 2026-09-03 18:37:09,189 [_common.py:__init__:250]
Saving cached data to C:\Users\avasa\OneDrive\Desktop\projects\premierliga\data\understat_cache\data\Understat

INFO 2026-09-03 18:37:09,191 [libraries.py:_load_library:397]
Successfully loaded TLS library: C:\Users\avasa\AppData\Roaming\Python\Python311\site-packages\tls_requests\bin\tls-client-xgo-1.13.1-windows-amd64.dll

INFO 2026-09-03 18:37:10,799 [_common.py:__init__:250]
Saving cached data to C:\Users\avasa\OneDrive\Desktop\projects\premierliga\data\understat_cache\data\Understat

INFO 2026-09-03 18:37:12,644 [_common.py:__init__:250]
Saving cached data to C:\Users\avasa\OneDrive\Desktop\projects\premierliga\data\understat_cache\data\Understat

INFO 2026-09-03 18:42:28,390 [_config.py:<module>:91]
No custom team name replacements found. You can configure these in C:\Users\avasa\OneDrive\Desktop\projects\premierliga\data\understat_cache\config\teamname_replacements.json.

INFO 2026-09-03 18:42:28,399 [_config.py:<module>:189]
No custom league dict found. You can configure additional leagues in C:\Users\avasa\OneDrive\Desktop\projects\premierliga\data\understat_cache\config\league_dict.json.

INFO 2026-09-03 18:42:28,406 [_common.py:__init__:250]
Saving cached data to C:\Users\avasa\OneDrive\Desktop\projects\premierliga\data\understat_cache\data\Understat

INFO 2026-09-03 18:42:28,408 [libraries.py:_load_library:397]
Successfully loaded TLS library: C:\Users\avasa\AppData\Roaming\Python\Python311\site-packages\tls_requests\bin\tls-client-xgo-1.13.1-windows-amd64.dll

INFO 2026-09-03 18:42:30,343 [_common.py:__init__:250]
Saving cached data to C:\Users\avasa\OneDrive\Desktop\projects\premierliga\data\understat_cache\data\Understat

WARNING 2026-09-03 18:42:30,358 [warnings.py:_showwarnmsg:110]
C:\Users\avasa\AppData\Roaming\Python\Python311\site-packages\soccerdata\_common.py:144: UserWarning: Season id "2021" is ambiguous: interpreting as "20-21"
  warnings.warn(msg, stacklevel=1)


INFO 2026-09-03 18:42:31,165 [_common.py:__init__:250]
Saving cached data to C:\Users\avasa\OneDrive\Desktop\projects\premierliga\data\understat_cache\data\Understat

INFO 2026-09-03 18:42:33,764 [_common.py:__init__:250]
Saving cached data to C:\Users\avasa\OneDrive\Desktop\projects\premierliga\data\understat_cache\data\Understat

INFO 2026-09-03 18:42:34,374 [_common.py:__init__:250]
Saving cached data to C:\Users\avasa\OneDrive\Desktop\projects\premierliga\data\understat_cache\data\Understat

INFO 2026-09-03 18:42:37,014 [_common.py:__init__:250]
Saving cached data to C:\Users\avasa\OneDrive\Desktop\projects\premierliga\data\understat_cache\data\Understat

INFO 2026-09-03 18:42:39,597 [_common.py:__init__:250]
Saving cached data to C:\Users\avasa\OneDrive\Desktop\projects\premierliga\data\understat_cache\data\Understat

INFO 2026-09-03 18:42:42,147 [_common.py:__init__:250]
Saving cached data to C:\Users\avasa\OneDrive\Desktop\projects\premierliga\data\understat_cache\data\Understat

WARNING 2026-09-03 18:42:42,148 [warnings.py:_showwarnmsg:110]
C:\Users\avasa\AppData\Roaming\Python\Python311\site-packages\soccerdata\_common.py:144: UserWarning: Season id "2021" is ambiguous: interpreting as "20-21"
  warnings.warn(msg, stacklevel=1)


INFO 2026-09-03 18:42:42,935 [_common.py:__init__:250]
Saving cached data to C:\Users\avasa\OneDrive\Desktop\projects\premierliga\data\understat_cache\data\Understat

INFO 2026-09-03 18:42:45,333 [_common.py:__init__:250]
Saving cached data to C:\Users\avasa\OneDrive\Desktop\projects\premierliga\data\understat_cache\data\Understat

INFO 2026-09-03 18:42:46,199 [_common.py:__init__:250]
Saving cached data to C:\Users\avasa\OneDrive\Desktop\projects\premierliga\data\understat_cache\data\Understat

INFO 2026-09-03 18:42:47,839 [_common.py:__init__:250]
Saving cached data to C:\Users\avasa\OneDrive\Desktop\projects\premierliga\data\understat_cache\data\Understat

INFO 2026-09-03 18:42:49,643 [_common.py:__init__:250]
Saving cached data to C:\Users\avasa\OneDrive\Desktop\projects\premierliga\data\understat_cache\data\Understat

INFO 2026-09-03 18:42:51,922 [_common.py:__init__:250]
Saving cached data to C:\Users\avasa\OneDrive\Desktop\projects\premierliga\data\understat_cache\data\Understat

WARNING 2026-09-03 18:42:51,923 [warnings.py:_showwarnmsg:110]
C:\Users\avasa\AppData\Roaming\Python\Python311\site-packages\soccerdata\_common.py:144: UserWarning: Season id "2021" is ambiguous: interpreting as "20-21"
  warnings.warn(msg, stacklevel=1)


INFO 2026-09-03 18:42:52,390 [_common.py:__init__:250]
Saving cached data to C:\Users\avasa\OneDrive\Desktop\projects\premierliga\data\understat_cache\data\Understat

INFO 2026-09-03 18:42:54,951 [_common.py:__init__:250]
Saving cached data to C:\Users\avasa\OneDrive\Desktop\projects\premierliga\data\understat_cache\data\Understat

INFO 2026-09-03 18:42:55,420 [_common.py:__init__:250]
Saving cached data to C:\Users\avasa\OneDrive\Desktop\projects\premierliga\data\understat_cache\data\Understat

INFO 2026-09-03 18:42:57,204 [_common.py:__init__:250]
Saving cached data to C:\Users\avasa\OneDrive\Desktop\projects\premierliga\data\understat_cache\data\Understat

INFO 2026-09-03 18:42:59,352 [_common.py:__init__:250]
Saving cached data to C:\Users\avasa\OneDrive\Desktop\projects\premierliga\data\understat_cache\data\Understat

INFO 2026-09-03 18:43:00,145 [_common.py:__init__:250]
Saving cached data to C:\Users\avasa\OneDrive\Desktop\projects\premierliga\data\understat_cache\data\Understat

WARNING 2026-09-03 18:43:00,147 [warnings.py:_showwarnmsg:110]
C:\Users\avasa\AppData\Roaming\Python\Python311\site-packages\soccerdata\_common.py:144: UserWarning: Season id "2021" is ambiguous: interpreting as "20-21"
  warnings.warn(msg, stacklevel=1)


INFO 2026-09-03 18:43:00,954 [_common.py:__init__:250]
Saving cached data to C:\Users\avasa\OneDrive\Desktop\projects\premierliga\data\understat_cache\data\Understat

INFO 2026-09-03 18:43:01,741 [_common.py:__init__:250]
Saving cached data to C:\Users\avasa\OneDrive\Desktop\projects\premierliga\data\understat_cache\data\Understat

INFO 2026-09-03 18:43:02,213 [_common.py:__init__:250]
Saving cached data to C:\Users\avasa\OneDrive\Desktop\projects\premierliga\data\understat_cache\data\Understat

INFO 2026-09-03 18:43:02,683 [_common.py:__init__:250]
Saving cached data to C:\Users\avasa\OneDrive\Desktop\projects\premierliga\data\understat_cache\data\Understat

INFO 2026-09-03 18:43:03,148 [_common.py:__init__:250]
Saving cached data to C:\Users\avasa\OneDrive\Desktop\projects\premierliga\data\understat_cache\data\Understat

INFO 2026-09-03 18:43:03,949 [_common.py:__init__:250]
Saving cached data to C:\Users\avasa\OneDrive\Desktop\projects\premierliga\data\understat_cache\data\Understat

WARNING 2026-09-03 18:43:03,950 [warnings.py:_showwarnmsg:110]
C:\Users\avasa\AppData\Roaming\Python\Python311\site-packages\soccerdata\_common.py:144: UserWarning: Season id "2021" is ambiguous: interpreting as "20-21"
  warnings.warn(msg, stacklevel=1)


INFO 2026-09-03 18:43:04,740 [_common.py:__init__:250]
Saving cached data to C:\Users\avasa\OneDrive\Desktop\projects\premierliga\data\understat_cache\data\Understat

INFO 2026-09-03 18:43:05,515 [_common.py:__init__:250]
Saving cached data to C:\Users\avasa\OneDrive\Desktop\projects\premierliga\data\understat_cache\data\Understat

INFO 2026-09-03 18:43:06,332 [_common.py:__init__:250]
Saving cached data to C:\Users\avasa\OneDrive\Desktop\projects\premierliga\data\understat_cache\data\Understat

INFO 2026-09-03 18:43:07,130 [_common.py:__init__:250]
Saving cached data to C:\Users\avasa\OneDrive\Desktop\projects\premierliga\data\understat_cache\data\Understat

INFO 2026-09-03 18:43:07,624 [_common.py:__init__:250]
Saving cached data to C:\Users\avasa\OneDrive\Desktop\projects\premierliga\data\understat_cache\data\Understat

INFO 2026-09-03 18:43:08,404 [_common.py:__init__:250]
Saving cached data to C:\Users\avasa\OneDrive\Desktop\projects\premierliga\data\understat_cache\data\Understat

WARNING 2026-09-03 18:43:08,406 [warnings.py:_showwarnmsg:110]
C:\Users\avasa\AppData\Roaming\Python\Python311\site-packages\soccerdata\_common.py:144: UserWarning: Season id "2021" is ambiguous: interpreting as "20-21"
  warnings.warn(msg, stacklevel=1)


INFO 2026-09-03 18:43:09,176 [_common.py:__init__:250]
Saving cached data to C:\Users\avasa\OneDrive\Desktop\projects\premierliga\data\understat_cache\data\Understat

INFO 2026-09-03 18:43:09,653 [_common.py:__init__:250]
Saving cached data to C:\Users\avasa\OneDrive\Desktop\projects\premierliga\data\understat_cache\data\Understat

INFO 2026-09-03 18:43:10,485 [_common.py:__init__:250]
Saving cached data to C:\Users\avasa\OneDrive\Desktop\projects\premierliga\data\understat_cache\data\Understat

INFO 2026-09-03 18:43:10,945 [_common.py:__init__:250]
Saving cached data to C:\Users\avasa\OneDrive\Desktop\projects\premierliga\data\understat_cache\data\Understat

INFO 2026-09-03 18:44:53,794 [_config.py:<module>:91]
No custom team name replacements found. You can configure these in C:\Users\avasa\onedrive\desktop\projects\premierliga\data\understat_cache\config\teamname_replacements.json.

INFO 2026-09-03 18:44:53,802 [_config.py:<module>:189]
No custom league dict found. You can configure additional leagues in C:\Users\avasa\onedrive\desktop\projects\premierliga\data\understat_cache\config\league_dict.json.

INFO 2026-09-03 18:44:53,809 [_common.py:__init__:250]
Saving cached data to C:\Users\avasa\onedrive\desktop\projects\premierliga\data\understat_cache\data\Understat

INFO 2026-09-03 18:44:53,811 [libraries.py:_load_library:397]
Successfully loaded TLS library: C:\Users\avasa\AppData\Roaming\Python\Python311\site-packages\tls_requests\bin\tls-client-xgo-1.13.1-windows-amd64.dll

INFO 2026-09-03 18:44:54,302 [_common.py:__init__:250]
Saving cached data to C:\Users\avasa\onedrive\desktop\projects\premierliga\data\understat_cache\data\Understat

WARNING 2026-09-03 18:44:54,304 [warnings.py:_showwarnmsg:110]
C:\Users\avasa\AppData\Roaming\Python\Python311\site-packages\soccerdata\_common.py:144: UserWarning: Season id "2021" is ambiguous: interpreting as "20-21"
  warnings.warn(msg, stacklevel=1)


INFO 2026-09-03 18:44:55,072 [_common.py:__init__:250]
Saving cached data to C:\Users\avasa\onedrive\desktop\projects\premierliga\data\understat_cache\data\Understat

INFO 2026-09-03 18:44:55,855 [_common.py:__init__:250]
Saving cached data to C:\Users\avasa\onedrive\desktop\projects\premierliga\data\understat_cache\data\Understat

INFO 2026-09-03 18:44:56,656 [_common.py:__init__:250]
Saving cached data to C:\Users\avasa\onedrive\desktop\projects\premierliga\data\understat_cache\data\Understat

INFO 2026-09-03 18:44:57,102 [_common.py:__init__:250]
Saving cached data to C:\Users\avasa\onedrive\desktop\projects\premierliga\data\understat_cache\data\Understat

INFO 2026-09-03 18:44:57,890 [_common.py:__init__:250]
Saving cached data to C:\Users\avasa\onedrive\desktop\projects\premierliga\data\understat_cache\data\Understat

INFO 2026-09-03 18:44:59,771 [_common.py:__init__:250]
Saving cached data to C:\Users\avasa\onedrive\desktop\projects\premierliga\data\understat_cache\data\Understat

INFO 2026-09-03 18:45:00,240 [_common.py:__init__:250]
Saving cached data to C:\Users\avasa\onedrive\desktop\projects\premierliga\data\understat_cache\data\Understat

WARNING 2026-09-03 18:45:00,241 [warnings.py:_showwarnmsg:110]
C:\Users\avasa\AppData\Roaming\Python\Python311\site-packages\soccerdata\_common.py:144: UserWarning: Season id "2021" is ambiguous: interpreting as "20-21"
  warnings.warn(msg, stacklevel=1)


INFO 2026-09-03 18:45:00,703 [_common.py:__init__:250]
Saving cached data to C:\Users\avasa\onedrive\desktop\projects\premierliga\data\understat_cache\data\Understat

INFO 2026-09-03 18:45:01,187 [_common.py:__init__:250]
Saving cached data to C:\Users\avasa\onedrive\desktop\projects\premierliga\data\understat_cache\data\Understat

INFO 2026-09-03 18:45:01,646 [_common.py:__init__:250]
Saving cached data to C:\Users\avasa\onedrive\desktop\projects\premierliga\data\understat_cache\data\Understat

INFO 2026-09-03 18:45:02,446 [_common.py:__init__:250]
Saving cached data to C:\Users\avasa\onedrive\desktop\projects\premierliga\data\understat_cache\data\Understat

INFO 2026-09-03 18:45:02,922 [_common.py:__init__:250]
Saving cached data to C:\Users\avasa\onedrive\desktop\projects\premierliga\data\understat_cache\data\Understat

INFO 2026-09-03 18:45:04,259 [_common.py:__init__:250]
Saving cached data to C:\Users\avasa\onedrive\desktop\projects\premierliga\data\understat_cache\data\Understat

INFO 2026-09-03 18:45:05,037 [_common.py:__init__:250]
Saving cached data to C:\Users\avasa\onedrive\desktop\projects\premierliga\data\understat_cache\data\Understat

WARNING 2026-09-03 18:45:05,039 [warnings.py:_showwarnmsg:110]
C:\Users\avasa\AppData\Roaming\Python\Python311\site-packages\soccerdata\_common.py:144: UserWarning: Season id "2021" is ambiguous: interpreting as "20-21"
  warnings.warn(msg, stacklevel=1)


INFO 2026-09-03 18:45:05,512 [_common.py:__init__:250]
Saving cached data to C:\Users\avasa\onedrive\desktop\projects\premierliga\data\understat_cache\data\Understat

INFO 2026-09-03 18:45:06,353 [_common.py:__init__:250]
Saving cached data to C:\Users\avasa\onedrive\desktop\projects\premierliga\data\understat_cache\data\Understat

INFO 2026-09-03 18:45:07,150 [_common.py:__init__:250]
Saving cached data to C:\Users\avasa\onedrive\desktop\projects\premierliga\data\understat_cache\data\Understat

INFO 2026-09-03 18:45:07,984 [_common.py:__init__:250]
Saving cached data to C:\Users\avasa\onedrive\desktop\projects\premierliga\data\understat_cache\data\Understat

INFO 2026-09-03 18:45:08,759 [_common.py:__init__:250]
Saving cached data to C:\Users\avasa\onedrive\desktop\projects\premierliga\data\understat_cache\data\Understat

INFO 2026-09-03 18:45:10,860 [_common.py:__init__:250]
Saving cached data to C:\Users\avasa\onedrive\desktop\projects\premierliga\data\understat_cache\data\Understat

INFO 2026-09-03 18:45:11,683 [_common.py:__init__:250]
Saving cached data to C:\Users\avasa\onedrive\desktop\projects\premierliga\data\understat_cache\data\Understat

WARNING 2026-09-03 18:45:11,685 [warnings.py:_showwarnmsg:110]
C:\Users\avasa\AppData\Roaming\Python\Python311\site-packages\soccerdata\_common.py:144: UserWarning: Season id "2021" is ambiguous: interpreting as "20-21"
  warnings.warn(msg, stacklevel=1)


INFO 2026-09-03 18:45:12,145 [_common.py:__init__:250]
Saving cached data to C:\Users\avasa\onedrive\desktop\projects\premierliga\data\understat_cache\data\Understat

INFO 2026-09-03 18:45:12,934 [_common.py:__init__:250]
Saving cached data to C:\Users\avasa\onedrive\desktop\projects\premierliga\data\understat_cache\data\Understat

INFO 2026-09-03 18:45:13,380 [_common.py:__init__:250]
Saving cached data to C:\Users\avasa\onedrive\desktop\projects\premierliga\data\understat_cache\data\Understat

INFO 2026-09-03 18:45:13,852 [_common.py:__init__:250]
Saving cached data to C:\Users\avasa\onedrive\desktop\projects\premierliga\data\understat_cache\data\Understat

INFO 2026-09-03 18:45:14,456 [_common.py:__init__:250]
Saving cached data to C:\Users\avasa\onedrive\desktop\projects\premierliga\data\understat_cache\data\Understat

INFO 2026-09-03 18:45:16,328 [_common.py:__init__:250]
Saving cached data to C:\Users\avasa\onedrive\desktop\projects\premierliga\data\understat_cache\data\Understat

INFO 2026-09-03 18:45:16,787 [_common.py:__init__:250]
Saving cached data to C:\Users\avasa\onedrive\desktop\projects\premierliga\data\understat_cache\data\Understat

WARNING 2026-09-03 18:45:16,789 [warnings.py:_showwarnmsg:110]
C:\Users\avasa\AppData\Roaming\Python\Python311\site-packages\soccerdata\_common.py:144: UserWarning: Season id "2021" is ambiguous: interpreting as "20-21"
  warnings.warn(msg, stacklevel=1)


INFO 2026-09-03 18:45:17,588 [_common.py:__init__:250]
Saving cached data to C:\Users\avasa\onedrive\desktop\projects\premierliga\data\understat_cache\data\Understat

INFO 2026-09-03 18:45:18,059 [_common.py:__init__:250]
Saving cached data to C:\Users\avasa\onedrive\desktop\projects\premierliga\data\understat_cache\data\Understat

INFO 2026-09-03 18:45:18,852 [_common.py:__init__:250]
Saving cached data to C:\Users\avasa\onedrive\desktop\projects\premierliga\data\understat_cache\data\Understat

INFO 2026-09-03 18:45:19,658 [_common.py:__init__:250]
Saving cached data to C:\Users\avasa\onedrive\desktop\projects\premierliga\data\understat_cache\data\Understat

INFO 2026-09-03 18:45:20,431 [_common.py:__init__:250]
Saving cached data to C:\Users\avasa\onedrive\desktop\projects\premierliga\data\understat_cache\data\Understat

INFO 2026-09-03 18:45:21,843 [_common.py:__init__:250]
Saving cached data to C:\Users\avasa\onedrive\desktop\projects\premierliga\data\understat_cache\data\Understat

INFO 2026-09-03 18:45:22,626 [_common.py:__init__:250]
Saving cached data to C:\Users\avasa\onedrive\desktop\projects\premierliga\data\understat_cache\data\Understat

WARNING 2026-09-03 18:45:22,628 [warnings.py:_showwarnmsg:110]
C:\Users\avasa\AppData\Roaming\Python\Python311\site-packages\soccerdata\_common.py:144: UserWarning: Season id "2021" is ambiguous: interpreting as "20-21"
  warnings.warn(msg, stacklevel=1)


INFO 2026-09-03 18:45:23,416 [_common.py:__init__:250]
Saving cached data to C:\Users\avasa\onedrive\desktop\projects\premierliga\data\understat_cache\data\Understat

INFO 2026-09-03 18:45:23,879 [_common.py:__init__:250]
Saving cached data to C:\Users\avasa\onedrive\desktop\projects\premierliga\data\understat_cache\data\Understat

INFO 2026-09-03 18:45:24,527 [_common.py:__init__:250]
Saving cached data to C:\Users\avasa\onedrive\desktop\projects\premierliga\data\understat_cache\data\Understat

INFO 2026-09-03 18:45:25,014 [_common.py:__init__:250]
Saving cached data to C:\Users\avasa\onedrive\desktop\projects\premierliga\data\understat_cache\data\Understat

INFO 2026-09-03 18:45:25,800 [_common.py:__init__:250]
Saving cached data to C:\Users\avasa\onedrive\desktop\projects\premierliga\data\understat_cache\data\Understat

INFO 2026-09-03 18:46:46,083 [_config.py:<module>:91]
No custom team name replacements found. You can configure these in C:\Users\avasa\onedrive\desktop\projects\premierliga\data\understat_cache\config\teamname_replacements.json.

INFO 2026-09-03 18:46:46,091 [_config.py:<module>:189]
No custom league dict found. You can configure additional leagues in C:\Users\avasa\onedrive\desktop\projects\premierliga\data\understat_cache\config\league_dict.json.

INFO 2026-09-03 18:46:46,097 [_common.py:__init__:250]
Saving cached data to C:\Users\avasa\onedrive\desktop\projects\premierliga\data\understat_cache\data\Understat

INFO 2026-09-03 18:46:46,099 [libraries.py:_load_library:397]
Successfully loaded TLS library: C:\Users\avasa\AppData\Roaming\Python\Python311\site-packages\tls_requests\bin\tls-client-xgo-1.13.1-windows-amd64.dll

WARNING 2026-09-03 18:46:46,101 [warnings.py:_showwarnmsg:110]
C:\Users\avasa\AppData\Roaming\Python\Python311\site-packages\soccerdata\_common.py:144: UserWarning: Season id "2021" is ambiguous: interpreting as "20-21"
  warnings.warn(msg, stacklevel=1)


INFO 2026-09-03 18:46:46,588 [_common.py:__init__:250]
Saving cached data to C:\Users\avasa\onedrive\desktop\projects\premierliga\data\understat_cache\data\Understat

INFO 2026-09-03 18:46:48,787 [_common.py:__init__:250]
Saving cached data to C:\Users\avasa\onedrive\desktop\projects\premierliga\data\understat_cache\data\Understat

INFO 2026-09-03 18:46:49,265 [_common.py:__init__:250]
Saving cached data to C:\Users\avasa\onedrive\desktop\projects\premierliga\data\understat_cache\data\Understat

INFO 2026-09-03 18:47:19,087 [_config.py:<module>:91]
No custom team name replacements found. You can configure these in C:\Users\avasa\OneDrive\Desktop\projects\premierliga\data\understat_cache\config\teamname_replacements.json.

INFO 2026-09-03 18:47:19,096 [_config.py:<module>:189]
No custom league dict found. You can configure additional leagues in C:\Users\avasa\OneDrive\Desktop\projects\premierliga\data\understat_cache\config\league_dict.json.

INFO 2026-09-03 18:47:19,102 [_common.py:__init__:250]
Saving cached data to C:\Users\avasa\OneDrive\Desktop\projects\premierliga\data\understat_cache\data\Understat

INFO 2026-09-03 18:47:19,104 [libraries.py:_load_library:397]
Successfully loaded TLS library: C:\Users\avasa\AppData\Roaming\Python\Python311\site-packages\tls_requests\bin\tls-client-xgo-1.13.1-windows-amd64.dll

INFO 2026-09-03 18:47:21,954 [_common.py:__init__:250]
Saving cached data to C:\Users\avasa\OneDrive\Desktop\projects\premierliga\data\understat_cache\data\Understat

INFO 2026-09-03 18:47:24,329 [_common.py:__init__:250]
Saving cached data to C:\Users\avasa\OneDrive\Desktop\projects\premierliga\data\understat_cache\data\Understat

INFO 2026-09-03 18:47:26,114 [_common.py:__init__:250]
Saving cached data to C:\Users\avasa\OneDrive\Desktop\projects\premierliga\data\understat_cache\data\Understat

INFO 2026-09-03 18:47:28,698 [_common.py:__init__:250]
Saving cached data to C:\Users\avasa\OneDrive\Desktop\projects\premierliga\data\understat_cache\data\Understat

INFO 2026-09-03 18:47:32,285 [_common.py:__init__:250]
Saving cached data to C:\Users\avasa\OneDrive\Desktop\projects\premierliga\data\understat_cache\data\Understat

INFO 2026-09-03 18:47:34,060 [_common.py:__init__:250]
Saving cached data to C:\Users\avasa\OneDrive\Desktop\projects\premierliga\data\understat_cache\data\Understat

INFO 2026-09-03 18:47:35,272 [_common.py:__init__:250]
Saving cached data to C:\Users\avasa\OneDrive\Desktop\projects\premierliga\data\understat_cache\data\Understat

INFO 2026-09-03 18:47:36,977 [_common.py:__init__:250]
Saving cached data to C:\Users\avasa\OneDrive\Desktop\projects\premierliga\data\understat_cache\data\Understat

INFO 2026-09-03 18:47:39,018 [_common.py:__init__:250]
Saving cached data to C:\Users\avasa\OneDrive\Desktop\projects\premierliga\data\understat_cache\data\Understat

INFO 2026-09-03 18:47:41,436 [_common.py:__init__:250]
Saving cached data to C:\Users\avasa\OneDrive\Desktop\projects\premierliga\data\understat_cache\data\Understat

INFO 2026-09-03 18:47:43,582 [_common.py:__init__:250]
Saving cached data to C:\Users\avasa\OneDrive\Desktop\projects\premierliga\data\understat_cache\data\Understat

INFO 2026-09-03 18:47:45,544 [_common.py:__init__:250]
Saving cached data to C:\Users\avasa\OneDrive\Desktop\projects\premierliga\data\understat_cache\data\Understat

INFO 2026-09-03 18:47:47,691 [_common.py:__init__:250]
Saving cached data to C:\Users\avasa\OneDrive\Desktop\projects\premierliga\data\understat_cache\data\Understat

INFO 2026-09-03 18:47:49,102 [_common.py:__init__:250]
Saving cached data to C:\Users\avasa\OneDrive\Desktop\projects\premierliga\data\understat_cache\data\Understat

INFO 2026-09-03 18:47:51,689 [_common.py:__init__:250]
Saving cached data to C:\Users\avasa\OneDrive\Desktop\projects\premierliga\data\understat_cache\data\Understat

INFO 2026-09-03 18:47:53,915 [_common.py:__init__:250]
Saving cached data to C:\Users\avasa\OneDrive\Desktop\projects\premierliga\data\understat_cache\data\Understat

INFO 2026-09-03 18:47:56,064 [_common.py:__init__:250]
Saving cached data to C:\Users\avasa\OneDrive\Desktop\projects\premierliga\data\understat_cache\data\Understat

INFO 2026-09-03 18:47:58,756 [_common.py:__init__:250]
Saving cached data to C:\Users\avasa\OneDrive\Desktop\projects\premierliga\data\understat_cache\data\Understat

INFO 2026-09-03 18:48:00,871 [_common.py:__init__:250]
Saving cached data to C:\Users\avasa\OneDrive\Desktop\projects\premierliga\data\understat_cache\data\Understat

INFO 2026-09-03 18:48:03,165 [_common.py:__init__:250]
Saving cached data to C:\Users\avasa\OneDrive\Desktop\projects\premierliga\data\understat_cache\data\Understat

INFO 2026-09-03 18:48:04,398 [_common.py:__init__:250]
Saving cached data to C:\Users\avasa\OneDrive\Desktop\projects\premierliga\data\understat_cache\data\Understat

INFO 2026-09-03 18:48:04,891 [_common.py:__init__:250]
Saving cached data to C:\Users\avasa\OneDrive\Desktop\projects\premierliga\data\understat_cache\data\Understat

INFO 2026-09-03 18:48:05,351 [_common.py:__init__:250]
Saving cached data to C:\Users\avasa\OneDrive\Desktop\projects\premierliga\data\understat_cache\data\Understat

INFO 2026-09-03 18:48:05,832 [_common.py:__init__:250]
Saving cached data to C:\Users\avasa\OneDrive\Desktop\projects\premierliga\data\understat_cache\data\Understat

INFO 2026-09-03 18:48:06,613 [_common.py:__init__:250]
Saving cached data to C:\Users\avasa\OneDrive\Desktop\projects\premierliga\data\understat_cache\data\Understat

INFO 2026-09-03 18:48:07,410 [_common.py:__init__:250]
Saving cached data to C:\Users\avasa\OneDrive\Desktop\projects\premierliga\data\understat_cache\data\Understat

INFO 2026-09-03 18:48:08,227 [_common.py:__init__:250]
Saving cached data to C:\Users\avasa\OneDrive\Desktop\projects\premierliga\data\understat_cache\data\Understat

INFO 2026-09-03 18:48:09,455 [_common.py:__init__:250]
Saving cached data to C:\Users\avasa\OneDrive\Desktop\projects\premierliga\data\understat_cache\data\Understat

INFO 2026-09-03 18:48:10,258 [_common.py:__init__:250]
Saving cached data to C:\Users\avasa\OneDrive\Desktop\projects\premierliga\data\understat_cache\data\Understat

INFO 2026-09-03 18:48:10,724 [_common.py:__init__:250]
Saving cached data to C:\Users\avasa\OneDrive\Desktop\projects\premierliga\data\understat_cache\data\Understat

INFO 2026-09-03 18:48:11,210 [_common.py:__init__:250]
Saving cached data to C:\Users\avasa\OneDrive\Desktop\projects\premierliga\data\understat_cache\data\Understat

INFO 2026-09-03 18:48:11,698 [_common.py:__init__:250]
Saving cached data to C:\Users\avasa\OneDrive\Desktop\projects\premierliga\data\understat_cache\data\Understat

INFO 2026-09-03 18:48:12,479 [_common.py:__init__:250]
Saving cached data to C:\Users\avasa\OneDrive\Desktop\projects\premierliga\data\understat_cache\data\Understat

INFO 2026-09-03 18:48:13,268 [_common.py:__init__:250]
Saving cached data to C:\Users\avasa\OneDrive\Desktop\projects\premierliga\data\understat_cache\data\Understat

INFO 2026-09-03 18:48:14,825 [_common.py:__init__:250]
Saving cached data to C:\Users\avasa\OneDrive\Desktop\projects\premierliga\data\understat_cache\data\Understat

INFO 2026-09-03 18:48:15,485 [_common.py:__init__:250]
Saving cached data to C:\Users\avasa\OneDrive\Desktop\projects\premierliga\data\understat_cache\data\Understat

INFO 2026-09-03 18:48:15,973 [_common.py:__init__:250]
Saving cached data to C:\Users\avasa\OneDrive\Desktop\projects\premierliga\data\understat_cache\data\Understat

INFO 2026-09-03 18:48:16,449 [_common.py:__init__:250]
Saving cached data to C:\Users\avasa\OneDrive\Desktop\projects\premierliga\data\understat_cache\data\Understat

INFO 2026-09-03 18:48:16,913 [_common.py:__init__:250]
Saving cached data to C:\Users\avasa\OneDrive\Desktop\projects\premierliga\data\understat_cache\data\Understat

INFO 2026-09-03 18:48:17,366 [_common.py:__init__:250]
Saving cached data to C:\Users\avasa\OneDrive\Desktop\projects\premierliga\data\understat_cache\data\Understat

INFO 2026-09-03 18:48:18,199 [_common.py:__init__:250]
Saving cached data to C:\Users\avasa\OneDrive\Desktop\projects\premierliga\data\understat_cache\data\Understat

